2026-04-27 19:41:11,257 [INFO] ===== Stage2 dataset: hotpotqa =====
2026-04-27 19:41:11,258 [INFO] per-dataset-optimal：hotpotqa → compress_dim=256, margin=0, probe_target=binary, hidden_branch_residual=False
2026-04-27 19:41:11,274 [INFO] hotpotqa rethreshold-only：预加载 checkpoint 对齐 probe_feature_mode=full seq_hist=False gru=False
2026-04-27 19:41:49,816 [INFO] hotpotqa train 步级标签 stop/continue：stop=85.64% (13666), continue=14.36% (2292)
2026-04-27 19:41:49,816 [INFO] hotpotqa dev 步级标签 stop/continue：stop=83.80% (3347), continue=16.20% (647)
2026-04-27 19:41:49,817 [INFO] hotpotqa dev 浅层扩展维 std（Delta×7 + cum_ratio + D4×3 + P2 稳定性特征，StandardScaler 前）: [0.4715 0.3968 0.132  0.     4.7847 0.     0.     0.0774 0.1382 0.2236
 0.4562 0.1892 0.0869 0.4125 0.1961 0.3199 0.3051 0.0835 0.3816 0.
 0.1349 0.4284]
2026-04-27 19:41:49,943 [INFO] hotpotqa rethreshold-only：已加载 /home/x12dpg/hjx/Pandora-RAG/artifacts/probe/hotpotqa/probe_mlp_alias_metric_aligned.pt（arch=mlp_v2），将用 cap_mult=1.050 重选阈值。
2026-04-27 19:42:08,162 [INFO] Step 1: n=4000, mean_gain=0.5255, r*=0.8867
2026-04-27 19:42:08,163 [INFO] Step 2: n=4000, mean_gain=0.2202, r*=0.7630
2026-04-27 19:42:08,163 [INFO] Step 3: n=3983, mean_gain=0.0052, r*=-0.0026
2026-04-27 19:42:08,164 [INFO] Step 4: n=3975, mean_gain=0.0032, r*=-0.0191
2026-04-27 19:42:08,164 [INFO] Step 5: n=3971, mean_gain=-0.0067, r*=-0.0299
2026-04-27 19:42:10,751 [INFO] hotpotqa Phase C 阈值：GW_dev_avg_steps=1.644 cap_mult=1.050 chosen_λ=0.1 policy=per_step threshold=[0.71, 0.71, 0.73, 0.73, 0.71] dev_f1=0.6532 dev_steps=1.709
2026-04-27 19:42:10,758 [INFO] hotpotqa Appendix max-F1：dev threshold=0.550 dev_f1=0.6826 dev_steps=2.840 | test_f1=0.6964 test_steps=2.826
2026-04-27 19:42:10,799 [INFO] Step 1: n=4000, mean_gain=0.5255, r*=0.8867
2026-04-27 19:42:10,800 [INFO] Step 2: n=4000, mean_gain=0.2202, r*=0.7630
2026-04-27 19:42:10,800 [INFO] Step 3: n=3983, mean_gain=0.0052, r*=-0.0026
2026-04-27 19:42:10,801 [INFO] Step 4: n=3975, mean_gain=0.0032, r*=-0.0191
2026-04-27 19:42:10,801 [INFO] Step 5: n=3971, mean_gain=-0.0067, r*=-0.0299
2026-04-27 19:42:10,815 [INFO] Deployable-GW [self_consistency] step 1: n=4000, mean_gain=1.0000, r*=0.9500
2026-04-27 19:42:10,816 [INFO] Deployable-GW [self_consistency] step 2: n=4000, mean_gain=0.0000, r*=-0.0500
2026-04-27 19:42:10,816 [INFO] Deployable-GW [self_consistency] step 3: n=3983, mean_gain=0.0000, r*=-0.0500
2026-04-27 19:42:10,817 [INFO] Deployable-GW [self_consistency] step 4: n=3975, mean_gain=0.0000, r*=-0.0500
2026-04-27 19:42:10,817 [INFO] Deployable-GW [self_consistency] step 5: n=3971, mean_gain=0.0000, r*=-0.0500
2026-04-27 19:42:11,133 [INFO] ===== Stage2 dataset: musique =====
2026-04-27 19:42:11,133 [INFO] per-dataset-optimal：musique → compress_dim=256, margin=0, probe_target=binary, hidden_branch_residual=False
2026-04-27 19:42:11,135 [INFO] musique rethreshold-only：预加载 checkpoint 对齐 probe_feature_mode=full seq_hist=False gru=False
2026-04-27 19:42:50,569 [INFO] musique train 步级标签 stop/continue：stop=76.32% (12211), continue=23.68% (3789)
2026-04-27 19:42:50,569 [INFO] musique dev 步级标签 stop/continue：stop=75.70% (3028), continue=24.30% (972)
2026-04-27 19:42:50,570 [INFO] musique dev 浅层扩展维 std（Delta×7 + cum_ratio + D4×3 + P2 稳定性特征，StandardScaler 前）: [0.6098 0.5138 0.1803 0.     4.161  0.     0.     0.0916 0.0668 0.2236
 0.492  0.1585 0.0919 0.4306 0.2196 0.3203 0.3036 0.0968 0.3905 0.
 0.182  0.4278]
2026-04-27 19:42:50,588 [INFO] musique rethreshold-only：已加载 /home/x12dpg/hjx/Pandora-RAG/artifacts/probe/musique/probe_mlp_alias_metric_aligned.pt（arch=mlp_v2），将用 cap_mult=1.050 重选阈值。
2026-04-27 19:43:04,538 [INFO] Step 1: n=4000, mean_gain=0.1688, r*=0.5551
2026-04-27 19:43:04,539 [INFO] Step 2: n=4000, mean_gain=0.2933, r*=0.7953
2026-04-27 19:43:04,539 [INFO] Step 3: n=4000, mean_gain=0.0424, r*=0.3926
2026-04-27 19:43:04,540 [INFO] Step 4: n=4000, mean_gain=0.0126, r*=0.0747
2026-04-27 19:43:04,540 [INFO] Step 5: n=4000, mean_gain=-0.0029, r*=-0.0171
2026-04-27 19:43:07,230 [INFO] musique Phase C 阈值：GW_dev_avg_steps=2.897 cap_mult=1.050 chosen_λ=0.1 policy=per_step threshold=[0.43, 0.61, 0.57, 0.65, 0.57] dev_f1=0.4706 dev_steps=2.742
2026-04-27 19:43:07,233 [INFO] musique Appendix max-F1：dev threshold=0.570 dev_f1=0.4701 dev_steps=2.952 | test_f1=0.4245 test_steps=3.564
2026-04-27 19:43:07,253 [INFO] Step 1: n=4000, mean_gain=0.1688, r*=0.5551
2026-04-27 19:43:07,253 [INFO] Step 2: n=4000, mean_gain=0.2933, r*=0.7953
2026-04-27 19:43:07,254 [INFO] Step 3: n=4000, mean_gain=0.0424, r*=0.3926
2026-04-27 19:43:07,254 [INFO] Step 4: n=4000, mean_gain=0.0126, r*=0.0747
2026-04-27 19:43:07,255 [INFO] Step 5: n=4000, mean_gain=-0.0029, r*=-0.0171
2026-04-27 19:43:07,266 [INFO] Deployable-GW [self_consistency] step 1: n=4000, mean_gain=1.0000, r*=0.9500
2026-04-27 19:43:07,267 [INFO] Deployable-GW [self_consistency] step 2: n=4000, mean_gain=0.0000, r*=-0.0500
2026-04-27 19:43:07,267 [INFO] Deployable-GW [self_consistency] step 3: n=4000, mean_gain=0.0000, r*=-0.0500
2026-04-27 19:43:07,268 [INFO] Deployable-GW [self_consistency] step 4: n=4000, mean_gain=0.0000, r*=-0.0500
2026-04-27 19:43:07,268 [INFO] Deployable-GW [self_consistency] step 5: n=4000, mean_gain=0.0000, r*=-0.0500
2026-04-27 19:43:07,514 [INFO] ===== Stage2 dataset: 2wiki =====
2026-04-27 19:43:07,514 [INFO] per-dataset-optimal：2wiki → compress_dim=64, margin=0.02, probe_target=binary, hidden_branch_residual=True
2026-04-27 19:43:07,515 [INFO] 2wiki rethreshold-only：预加载 checkpoint 对齐 probe_feature_mode=full seq_hist=False gru=False
2026-04-27 19:43:39,884 [INFO] 2wiki 硬 margin 过滤：train_margin_min_abs=0.0200，丢弃步数=10，保留可训练步数=15990
2026-04-27 19:43:39,884 [INFO] 2wiki train 步级标签 stop/continue：stop=82.62% (13211), continue=17.38% (2779)
2026-04-27 19:43:39,884 [INFO] 2wiki dev 步级标签 stop/continue：stop=81.47% (3259), continue=18.52% (741)
2026-04-27 19:43:39,885 [INFO] 2wiki dev 浅层扩展维 std（Delta×7 + cum_ratio + D4×3 + P2 稳定性特征，StandardScaler 前）: [0.4624 0.3891 0.1247 0.     5.1443 0.     0.     0.0783 0.0625 0.2236
 0.4768 0.1694 0.0896 0.4142 0.1976 0.3114 0.303  0.0862 0.3711 0.
 0.1304 0.4279]
2026-04-27 19:43:39,898 [INFO] 2wiki rethreshold-only：已加载 /home/x12dpg/hjx/Pandora-RAG/artifacts/probe/2wiki/probe_mlp_alias_metric_aligned.pt（arch=mlp_v2），将用 cap_mult=1.050 重选阈值。
2026-04-27 19:43:54,435 [INFO] Step 1: n=4000, mean_gain=0.3156, r*=0.8230
2026-04-27 19:43:54,435 [INFO] Step 2: n=4000, mean_gain=0.4302, r*=0.8777
2026-04-27 19:43:54,436 [INFO] Step 3: n=4000, mean_gain=-0.0267, r*=-0.0209
2026-04-27 19:43:54,436 [INFO] Step 4: n=4000, mean_gain=-0.0053, r*=-0.0227
2026-04-27 19:43:54,437 [INFO] Step 5: n=4000, mean_gain=-0.0105, r*=-0.0343
2026-04-27 19:43:58,206 [INFO] 2wiki Phase C 阈值：GW_dev_avg_steps=1.773 cap_mult=1.050 chosen_λ=0.1 policy=per_step threshold=[0.67, 0.79, 0.71, 0.81, 0.71] dev_f1=0.5962 dev_steps=1.859
2026-04-27 19:43:58,213 [INFO] 2wiki Appendix max-F1：dev threshold=0.590 dev_f1=0.6062 dev_steps=2.432 | test_f1=0.5993 test_steps=2.434
2026-04-27 19:43:58,254 [INFO] Step 1: n=4000, mean_gain=0.3156, r*=0.8230
2026-04-27 19:43:58,254 [INFO] Step 2: n=4000, mean_gain=0.4302, r*=0.8777
2026-04-27 19:43:58,255 [INFO] Step 3: n=4000, mean_gain=-0.0267, r*=-0.0209
2026-04-27 19:43:58,255 [INFO] Step 4: n=4000, mean_gain=-0.0053, r*=-0.0227
2026-04-27 19:43:58,256 [INFO] Step 5: n=4000, mean_gain=-0.0105, r*=-0.0343
2026-04-27 19:43:58,271 [INFO] Deployable-GW [self_consistency] step 1: n=4000, mean_gain=1.0000, r*=0.9500
2026-04-27 19:43:58,271 [INFO] Deployable-GW [self_consistency] step 2: n=4000, mean_gain=0.0000, r*=-0.0500
2026-04-27 19:43:58,271 [INFO] Deployable-GW [self_consistency] step 3: n=4000, mean_gain=0.0000, r*=-0.0500
2026-04-27 19:43:58,272 [INFO] Deployable-GW [self_consistency] step 4: n=4000, mean_gain=0.0000, r*=-0.0500
2026-04-27 19:43:58,272 [INFO] Deployable-GW [self_consistency] step 5: n=4000, mean_gain=0.0000, r*=-0.0500
2026-04-27 19:43:58,527 [INFO] Stage2 complete. Report: /home/x12dpg/hjx/Pandora-RAG/docs/stage2_report_alias_metric_aligned.md | Appendix max-F1 summary: /home/x12dpg/hjx/Pandora-RAG/results/stage2_appendix_maxf1_summary_alias_metric_aligned.csv
2026-04-27 19:43:58,527 [INFO] hotpotqa | probe_f1=0.6579 | gain_vs_fixed=-0.0197 | oracle_gap=0.1231
2026-04-27 19:43:58,527 [INFO] musique | probe_f1=0.4016 | gain_vs_fixed=-0.0129 | oracle_gap=0.1140
2026-04-27 19:43:58,528 [INFO] 2wiki | probe_f1=0.5893 | gain_vs_fixed=-0.0015 | oracle_gap=0.1061
