2026-04-17 15:14:24,199 [INFO] ===== Stage2 dataset: hotpotqa =====
2026-04-17 15:14:24,199 [INFO] per-dataset-optimal：hotpotqa → compress_dim=256, margin=0, probe_target=binary, hidden_branch_residual=False
2026-04-17 15:14:59,708 [INFO] hotpotqa train 步级标签 stop/continue：stop=80.60% (12862), continue=19.40% (3096)
2026-04-17 15:14:59,709 [INFO] hotpotqa dev 步级标签 stop/continue：stop=78.94% (3153), continue=21.06% (841)
2026-04-17 15:14:59,709 [INFO] hotpotqa dev 浅层扩展维 std（Delta×5 + cum_ratio + D4×3，StandardScaler 前）: [0.3032 0.3256 3.1609 0.4393 0.1964 0.0829 0.1405 0.2236 0.4591 0.2002
 0.0912]
2026-04-17 15:14:59,911 [INFO] ProbeMLP_v2：hidden_dim=4096, shallow_in=20, compress=256, fuse=128, hidden_residual=False（浅层 StandardScaler，hidden 用 LayerNorm）。
2026-04-17 15:15:01,501 [INFO] Probe epoch 01 | lr=3.00e-05 | train_loss=0.065497 | dev_loss=0.056602
2026-04-17 15:15:02,131 [INFO] Probe epoch 02 | lr=9.75e-05 | train_loss=0.049764 | dev_loss=0.046215
2026-04-17 15:15:02,782 [INFO] Probe epoch 03 | lr=1.65e-04 | train_loss=0.044681 | dev_loss=0.044930
2026-04-17 15:15:03,444 [INFO] Probe epoch 04 | lr=2.32e-04 | train_loss=0.042607 | dev_loss=0.044296
2026-04-17 15:15:04,119 [INFO] Probe epoch 05 | lr=3.00e-04 | train_loss=0.041246 | dev_loss=0.047919
2026-04-17 15:15:04,792 [INFO] Probe epoch 06 | lr=3.00e-04 | train_loss=0.038706 | dev_loss=0.046239
2026-04-17 15:15:05,456 [INFO] Probe epoch 07 | lr=2.99e-04 | train_loss=0.037184 | dev_loss=0.045753
2026-04-17 15:15:06,121 [INFO] Probe epoch 08 | lr=2.98e-04 | train_loss=0.035906 | dev_loss=0.044634
2026-04-17 15:15:06,799 [INFO] Probe epoch 09 | lr=2.96e-04 | train_loss=0.034220 | dev_loss=0.048670
2026-04-17 15:15:07,453 [INFO] Probe epoch 10 | lr=2.94e-04 | train_loss=0.032826 | dev_loss=0.044792
2026-04-17 15:15:08,122 [INFO] Probe epoch 11 | lr=2.91e-04 | train_loss=0.031271 | dev_loss=0.050733
2026-04-17 15:15:08,798 [INFO] Probe epoch 12 | lr=2.88e-04 | train_loss=0.030382 | dev_loss=0.051384
2026-04-17 15:15:09,567 [INFO] Probe epoch 13 | lr=2.85e-04 | train_loss=0.028956 | dev_loss=0.051901
2026-04-17 15:15:10,244 [INFO] Probe epoch 14 | lr=2.81e-04 | train_loss=0.027856 | dev_loss=0.066795
2026-04-17 15:15:10,919 [INFO] Probe epoch 15 | lr=2.76e-04 | train_loss=0.025797 | dev_loss=0.066170
2026-04-17 15:15:11,587 [INFO] Probe epoch 16 | lr=2.71e-04 | train_loss=0.025220 | dev_loss=0.064409
2026-04-17 15:15:11,588 [INFO] Early stop at epoch 16 (best epoch=4)
2026-04-17 15:15:28,448 [INFO] Step 1: n=4000, mean_gain=0.4525, r*=0.8717
2026-04-17 15:15:28,448 [INFO] Step 2: n=4000, mean_gain=0.1682, r*=0.7154
2026-04-17 15:15:28,449 [INFO] Step 3: n=3983, mean_gain=-0.0025, r*=0.2445
2026-04-17 15:15:28,449 [INFO] Step 4: n=3975, mean_gain=0.0027, r*=0.2608
2026-04-17 15:15:28,450 [INFO] Step 5: n=3971, mean_gain=0.0098, r*=0.2394
2026-04-17 15:15:28,754 [INFO] hotpotqa Phase C 阈值：GW_dev_avg_steps=2.6 cap_mult=1.050 chosen_λ=0.1 threshold=0.630 dev_f1=0.6213 dev_steps=2.527
2026-04-17 15:15:28,796 [INFO] Step 1: n=4000, mean_gain=0.4525, r*=0.8717
2026-04-17 15:15:28,797 [INFO] Step 2: n=4000, mean_gain=0.1682, r*=0.7154
2026-04-17 15:15:28,797 [INFO] Step 3: n=3983, mean_gain=-0.0025, r*=0.2445
2026-04-17 15:15:28,798 [INFO] Step 4: n=3975, mean_gain=0.0027, r*=0.2608
2026-04-17 15:15:28,798 [INFO] Step 5: n=3971, mean_gain=0.0098, r*=0.2394
2026-04-17 15:15:28,812 [INFO] Deployable-GW [self_consistency] step 1: n=4000, mean_gain=0.7908, r*=0.8970
2026-04-17 15:15:28,813 [INFO] Deployable-GW [self_consistency] step 2: n=4000, mean_gain=0.0550, r*=0.2029
2026-04-17 15:15:28,813 [INFO] Deployable-GW [self_consistency] step 3: n=3983, mean_gain=-0.0104, r*=0.0024
2026-04-17 15:15:28,814 [INFO] Deployable-GW [self_consistency] step 4: n=3975, mean_gain=-0.0054, r*=-0.0011
2026-04-17 15:15:28,814 [INFO] Deployable-GW [self_consistency] step 5: n=3971, mean_gain=-0.0008, r*=-0.0001
2026-04-17 15:15:29,110 [INFO] ===== Stage2 dataset: musique =====
2026-04-17 15:15:29,110 [INFO] per-dataset-optimal：musique → compress_dim=256, margin=0, probe_target=binary, hidden_branch_residual=False
2026-04-17 15:16:08,151 [INFO] musique train 步级标签 stop/continue：stop=77.31% (12370), continue=22.69% (3630)
2026-04-17 15:16:08,151 [INFO] musique dev 步级标签 stop/continue：stop=77.67% (3107), continue=22.32% (893)
2026-04-17 15:16:08,152 [INFO] musique dev 浅层扩展维 std（Delta×5 + cum_ratio + D4×3，StandardScaler 前）: [0.2839 0.4062 2.7774 0.5176 0.2279 0.1028 0.0654 0.2236 0.4956 0.1607
 0.0979]
2026-04-17 15:16:08,200 [INFO] ProbeMLP_v2：hidden_dim=4096, shallow_in=20, compress=256, fuse=128, hidden_residual=False（浅层 StandardScaler，hidden 用 LayerNorm）。
2026-04-17 15:16:08,839 [INFO] Probe epoch 01 | lr=3.00e-05 | train_loss=0.070912 | dev_loss=0.064296
2026-04-17 15:16:09,508 [INFO] Probe epoch 02 | lr=9.75e-05 | train_loss=0.058675 | dev_loss=0.059165
2026-04-17 15:16:10,169 [INFO] Probe epoch 03 | lr=1.65e-04 | train_loss=0.054734 | dev_loss=0.059458
2026-04-17 15:16:10,831 [INFO] Probe epoch 04 | lr=2.32e-04 | train_loss=0.052426 | dev_loss=0.058991
2026-04-17 15:16:11,499 [INFO] Probe epoch 05 | lr=3.00e-04 | train_loss=0.051228 | dev_loss=0.059493
2026-04-17 15:16:12,129 [INFO] Probe epoch 06 | lr=3.00e-04 | train_loss=0.048339 | dev_loss=0.058055
2026-04-17 15:16:12,801 [INFO] Probe epoch 07 | lr=2.99e-04 | train_loss=0.046865 | dev_loss=0.060090
2026-04-17 15:16:13,558 [INFO] Probe epoch 08 | lr=2.98e-04 | train_loss=0.044533 | dev_loss=0.058832
2026-04-17 15:16:14,335 [INFO] Probe epoch 09 | lr=2.96e-04 | train_loss=0.043159 | dev_loss=0.062498
2026-04-17 15:16:15,275 [INFO] Probe epoch 10 | lr=2.94e-04 | train_loss=0.042065 | dev_loss=0.063508
2026-04-17 15:16:16,035 [INFO] Probe epoch 11 | lr=2.91e-04 | train_loss=0.039930 | dev_loss=0.071632
2026-04-17 15:16:16,790 [INFO] Probe epoch 12 | lr=2.88e-04 | train_loss=0.038841 | dev_loss=0.076959
2026-04-17 15:16:17,552 [INFO] Probe epoch 13 | lr=2.85e-04 | train_loss=0.035973 | dev_loss=0.072412
2026-04-17 15:16:18,313 [INFO] Probe epoch 14 | lr=2.81e-04 | train_loss=0.035581 | dev_loss=0.084996
2026-04-17 15:16:19,054 [INFO] Probe epoch 15 | lr=2.76e-04 | train_loss=0.033202 | dev_loss=0.072839
2026-04-17 15:16:19,722 [INFO] Probe epoch 16 | lr=2.71e-04 | train_loss=0.032529 | dev_loss=0.122564
2026-04-17 15:16:20,389 [INFO] Probe epoch 17 | lr=2.66e-04 | train_loss=0.031639 | dev_loss=0.074731
2026-04-17 15:16:21,061 [INFO] Probe epoch 18 | lr=2.61e-04 | train_loss=0.030717 | dev_loss=0.087929
2026-04-17 15:16:21,061 [INFO] Early stop at epoch 18 (best epoch=6)
2026-04-17 15:16:35,107 [INFO] Step 1: n=4000, mean_gain=0.1451, r*=0.4857
2026-04-17 15:16:35,107 [INFO] Step 2: n=4000, mean_gain=0.1866, r*=0.6945
2026-04-17 15:16:35,108 [INFO] Step 3: n=4000, mean_gain=0.0069, r*=0.2794
2026-04-17 15:16:35,109 [INFO] Step 4: n=4000, mean_gain=0.0128, r*=0.2437
2026-04-17 15:16:35,110 [INFO] Step 5: n=4000, mean_gain=-0.0021, r*=0.1538
2026-04-17 15:16:35,415 [INFO] musique Phase C 阈值：GW_dev_avg_steps=3.591 cap_mult=1.050 chosen_λ=0.1 threshold=0.610 dev_f1=0.3509 dev_steps=2.818
2026-04-17 15:16:35,435 [INFO] Step 1: n=4000, mean_gain=0.1451, r*=0.4857
2026-04-17 15:16:35,436 [INFO] Step 2: n=4000, mean_gain=0.1866, r*=0.6945
2026-04-17 15:16:35,436 [INFO] Step 3: n=4000, mean_gain=0.0069, r*=0.2794
2026-04-17 15:16:35,437 [INFO] Step 4: n=4000, mean_gain=0.0128, r*=0.2437
2026-04-17 15:16:35,437 [INFO] Step 5: n=4000, mean_gain=-0.0021, r*=0.1538
2026-04-17 15:16:35,449 [INFO] Deployable-GW [self_consistency] step 1: n=4000, mean_gain=0.6869, r*=0.8419
2026-04-17 15:16:35,449 [INFO] Deployable-GW [self_consistency] step 2: n=4000, mean_gain=0.0471, r*=0.2654
2026-04-17 15:16:35,450 [INFO] Deployable-GW [self_consistency] step 3: n=4000, mean_gain=-0.0020, r*=0.1055
2026-04-17 15:16:35,450 [INFO] Deployable-GW [self_consistency] step 4: n=4000, mean_gain=-0.0042, r*=0.0818
2026-04-17 15:16:35,451 [INFO] Deployable-GW [self_consistency] step 5: n=4000, mean_gain=-0.0111, r*=0.0640
2026-04-17 15:16:35,699 [INFO] ===== Stage2 dataset: 2wiki =====
2026-04-17 15:16:35,699 [INFO] per-dataset-optimal：2wiki → compress_dim=64, margin=0.02, probe_target=binary, hidden_branch_residual=True
2026-04-17 15:17:05,712 [INFO] 2wiki 硬 margin 过滤：train_margin_min_abs=0.0200，丢弃步数=5，保留可训练步数=15995
2026-04-17 15:17:05,712 [INFO] 2wiki train 步级标签 stop/continue：stop=74.41% (11902), continue=25.59% (4093)
2026-04-17 15:17:05,712 [INFO] 2wiki dev 步级标签 stop/continue：stop=74.83% (2993), continue=25.18% (1007)
2026-04-17 15:17:05,712 [INFO] 2wiki dev 浅层扩展维 std（Delta×5 + cum_ratio + D4×3，StandardScaler 前）: [0.3602 0.3384 3.7528 0.4543 0.2123 0.0839 0.0593 0.2236 0.4814 0.1767
 0.0971]
2026-04-17 15:17:05,758 [INFO] ProbeMLP_v2：hidden_dim=4096, shallow_in=20, compress=64, fuse=128, hidden_residual=True（浅层 StandardScaler，hidden 用 LayerNorm）。
2026-04-17 15:17:06,405 [INFO] Probe epoch 01 | lr=3.00e-05 | train_loss=0.076843 | dev_loss=0.066651
2026-04-17 15:17:06,953 [INFO] Probe epoch 02 | lr=9.75e-05 | train_loss=0.056889 | dev_loss=0.058195
2026-04-17 15:17:07,551 [INFO] Probe epoch 03 | lr=1.65e-04 | train_loss=0.048195 | dev_loss=0.055959
2026-04-17 15:17:08,057 [INFO] Probe epoch 04 | lr=2.32e-04 | train_loss=0.045273 | dev_loss=0.056005
2026-04-17 15:17:08,564 [INFO] Probe epoch 05 | lr=3.00e-04 | train_loss=0.043256 | dev_loss=0.054475
2026-04-17 15:17:09,091 [INFO] Probe epoch 06 | lr=3.00e-04 | train_loss=0.041368 | dev_loss=0.055036
2026-04-17 15:17:09,594 [INFO] Probe epoch 07 | lr=2.99e-04 | train_loss=0.039616 | dev_loss=0.057468
2026-04-17 15:17:10,102 [INFO] Probe epoch 08 | lr=2.98e-04 | train_loss=0.037991 | dev_loss=0.057683
2026-04-17 15:17:10,625 [INFO] Probe epoch 09 | lr=2.96e-04 | train_loss=0.037488 | dev_loss=0.055480
2026-04-17 15:17:11,144 [INFO] Probe epoch 10 | lr=2.94e-04 | train_loss=0.035781 | dev_loss=0.055234
2026-04-17 15:17:11,657 [INFO] Probe epoch 11 | lr=2.91e-04 | train_loss=0.034490 | dev_loss=0.056060
2026-04-17 15:17:12,175 [INFO] Probe epoch 12 | lr=2.88e-04 | train_loss=0.035475 | dev_loss=0.057780
2026-04-17 15:17:12,677 [INFO] Probe epoch 13 | lr=2.85e-04 | train_loss=0.033536 | dev_loss=0.060255
2026-04-17 15:17:13,196 [INFO] Probe epoch 14 | lr=2.81e-04 | train_loss=0.033110 | dev_loss=0.081564
2026-04-17 15:17:13,722 [INFO] Probe epoch 15 | lr=2.76e-04 | train_loss=0.031729 | dev_loss=0.067625
2026-04-17 15:17:14,245 [INFO] Probe epoch 16 | lr=2.71e-04 | train_loss=0.029903 | dev_loss=0.070526
2026-04-17 15:17:14,752 [INFO] Probe epoch 17 | lr=2.66e-04 | train_loss=0.029785 | dev_loss=0.077832
2026-04-17 15:17:14,753 [INFO] Early stop at epoch 17 (best epoch=5)
2026-04-17 15:17:28,376 [INFO] Step 1: n=4000, mean_gain=0.1430, r*=0.6089
2026-04-17 15:17:28,377 [INFO] Step 2: n=4000, mean_gain=0.2740, r*=0.8075
2026-04-17 15:17:28,377 [INFO] Step 3: n=4000, mean_gain=-0.0137, r*=0.4532
2026-04-17 15:17:28,378 [INFO] Step 4: n=4000, mean_gain=0.0066, r*=0.4392
2026-04-17 15:17:28,379 [INFO] Step 5: n=4000, mean_gain=-0.0022, r*=0.3738
2026-04-17 15:17:28,684 [INFO] 2wiki Phase C 阈值：GW_dev_avg_steps=3.036 cap_mult=1.050 chosen_λ=0.1 threshold=0.630 dev_f1=0.5178 dev_steps=2.712
2026-04-17 15:17:28,726 [INFO] Step 1: n=4000, mean_gain=0.1430, r*=0.6089
2026-04-17 15:17:28,726 [INFO] Step 2: n=4000, mean_gain=0.2740, r*=0.8075
2026-04-17 15:17:28,727 [INFO] Step 3: n=4000, mean_gain=-0.0137, r*=0.4532
2026-04-17 15:17:28,727 [INFO] Step 4: n=4000, mean_gain=0.0066, r*=0.4392
2026-04-17 15:17:28,727 [INFO] Step 5: n=4000, mean_gain=-0.0022, r*=0.3738
2026-04-17 15:17:28,742 [INFO] Deployable-GW [self_consistency] step 1: n=4000, mean_gain=0.7312, r*=0.8476
2026-04-17 15:17:28,743 [INFO] Deployable-GW [self_consistency] step 2: n=4000, mean_gain=-0.0084, r*=0.1815
2026-04-17 15:17:28,743 [INFO] Deployable-GW [self_consistency] step 3: n=4000, mean_gain=-0.0165, r*=0.0824
2026-04-17 15:17:28,744 [INFO] Deployable-GW [self_consistency] step 4: n=4000, mean_gain=-0.0044, r*=0.0686
2026-04-17 15:17:28,744 [INFO] Deployable-GW [self_consistency] step 5: n=4000, mean_gain=0.0001, r*=0.0595
2026-04-17 15:17:28,998 [INFO] Stage2 complete. Report: docs/stage2_report_pdopt_best.md
2026-04-17 15:17:28,998 [INFO] hotpotqa | probe_f1=0.6165 | gain_vs_fixed=+0.0536 | oracle_gap=0.0993
2026-04-17 15:17:28,998 [INFO] musique | probe_f1=0.2621 | gain_vs_fixed=+0.0355 | oracle_gap=0.0887
2026-04-17 15:17:28,998 [INFO] 2wiki | probe_f1=0.4855 | gain_vs_fixed=+0.0246 | oracle_gap=0.1651
