2026-04-18 19:13:07,853 [INFO] ===== Stage2 dataset: hotpotqa =====
2026-04-18 19:13:07,853 [INFO] per-dataset-optimal：hotpotqa → compress_dim=256, margin=0, probe_target=binary, hidden_branch_residual=False
2026-04-18 19:13:45,269 [INFO] hotpotqa train 步级标签 stop/continue：stop=85.64% (13666), continue=14.36% (2292)
2026-04-18 19:13:45,269 [INFO] hotpotqa dev 步级标签 stop/continue：stop=83.80% (3347), continue=16.20% (647)
2026-04-18 19:13:45,270 [INFO] hotpotqa dev 浅层扩展维 std（Delta×5 + cum_ratio + D4×3，StandardScaler 前）: [0.4715 0.3968 4.7847 0.     0.     0.0774 0.1382 0.2236 0.4562 0.1892
 0.0869]
2026-04-18 19:13:45,512 [INFO] ProbeMLP_v2：hidden_dim=4096, shallow_in=20, compress=256, fuse=128, hidden_residual=False（浅层 StandardScaler，hidden 用 LayerNorm）。
2026-04-18 19:13:47,564 [INFO] Probe epoch 01 | lr=3.00e-05 | train_loss=0.057899 | dev_loss=0.049313
2026-04-18 19:13:48,255 [INFO] Probe epoch 02 | lr=9.75e-05 | train_loss=0.044316 | dev_loss=0.039395
2026-04-18 19:13:48,786 [INFO] Probe epoch 03 | lr=1.65e-04 | train_loss=0.040043 | dev_loss=0.038551
2026-04-18 19:13:49,293 [INFO] Probe epoch 04 | lr=2.32e-04 | train_loss=0.039190 | dev_loss=0.041252
2026-04-18 19:13:49,780 [INFO] Probe epoch 05 | lr=3.00e-04 | train_loss=0.038955 | dev_loss=0.037540
2026-04-18 19:13:50,289 [INFO] Probe epoch 06 | lr=3.00e-04 | train_loss=0.036031 | dev_loss=0.037312
2026-04-18 19:13:50,776 [INFO] Probe epoch 07 | lr=2.99e-04 | train_loss=0.033851 | dev_loss=0.037756
2026-04-18 19:13:51,254 [INFO] Probe epoch 08 | lr=2.98e-04 | train_loss=0.032329 | dev_loss=0.037249
2026-04-18 19:13:51,743 [INFO] Probe epoch 09 | lr=2.96e-04 | train_loss=0.032987 | dev_loss=0.037903
2026-04-18 19:13:52,234 [INFO] Probe epoch 10 | lr=2.94e-04 | train_loss=0.030642 | dev_loss=0.037469
2026-04-18 19:13:52,725 [INFO] Probe epoch 11 | lr=2.91e-04 | train_loss=0.029387 | dev_loss=0.040173
2026-04-18 19:13:53,234 [INFO] Probe epoch 12 | lr=2.88e-04 | train_loss=0.027410 | dev_loss=0.040125
2026-04-18 19:13:53,857 [INFO] Probe epoch 13 | lr=2.85e-04 | train_loss=0.027591 | dev_loss=0.044768
2026-04-18 19:13:54,355 [INFO] Probe epoch 14 | lr=2.81e-04 | train_loss=0.028408 | dev_loss=0.039184
2026-04-18 19:13:54,861 [INFO] Probe epoch 15 | lr=2.76e-04 | train_loss=0.025775 | dev_loss=0.045876
2026-04-18 19:13:55,370 [INFO] Probe epoch 16 | lr=2.71e-04 | train_loss=0.025475 | dev_loss=0.044813
2026-04-18 19:13:55,886 [INFO] Probe epoch 17 | lr=2.66e-04 | train_loss=0.024180 | dev_loss=0.048060
2026-04-18 19:13:56,393 [INFO] Probe epoch 18 | lr=2.61e-04 | train_loss=0.025405 | dev_loss=0.057108
2026-04-18 19:13:56,913 [INFO] Probe epoch 19 | lr=2.55e-04 | train_loss=0.022293 | dev_loss=0.066701
2026-04-18 19:13:57,419 [INFO] Probe epoch 20 | lr=2.48e-04 | train_loss=0.022371 | dev_loss=0.058738
2026-04-18 19:13:57,420 [INFO] Early stop at epoch 20 (best epoch=8)
2026-04-18 19:14:15,364 [INFO] Step 1: n=4000, mean_gain=0.5255, r*=0.8867
2026-04-18 19:14:15,365 [INFO] Step 2: n=4000, mean_gain=0.2202, r*=0.7630
2026-04-18 19:14:15,366 [INFO] Step 3: n=3983, mean_gain=0.0052, r*=-0.0026
2026-04-18 19:14:15,366 [INFO] Step 4: n=3975, mean_gain=0.0032, r*=-0.0191
2026-04-18 19:14:15,367 [INFO] Step 5: n=3971, mean_gain=-0.0067, r*=-0.0299
2026-04-18 19:14:15,670 [INFO] hotpotqa Phase C 阈值：GW_dev_avg_steps=1.644 cap_mult=1.050 chosen_λ=0.1 threshold=0.730 dev_f1=0.6512 dev_steps=1.703
2026-04-18 19:14:15,712 [INFO] Step 1: n=4000, mean_gain=0.5255, r*=0.8867
2026-04-18 19:14:15,713 [INFO] Step 2: n=4000, mean_gain=0.2202, r*=0.7630
2026-04-18 19:14:15,713 [INFO] Step 3: n=3983, mean_gain=0.0052, r*=-0.0026
2026-04-18 19:14:15,714 [INFO] Step 4: n=3975, mean_gain=0.0032, r*=-0.0191
2026-04-18 19:14:15,714 [INFO] Step 5: n=3971, mean_gain=-0.0067, r*=-0.0299
2026-04-18 19:14:15,729 [INFO] Deployable-GW [self_consistency] step 1: n=4000, mean_gain=1.0000, r*=0.9500
2026-04-18 19:14:15,729 [INFO] Deployable-GW [self_consistency] step 2: n=4000, mean_gain=0.0000, r*=-0.0500
2026-04-18 19:14:15,729 [INFO] Deployable-GW [self_consistency] step 3: n=3983, mean_gain=0.0000, r*=-0.0500
2026-04-18 19:14:15,730 [INFO] Deployable-GW [self_consistency] step 4: n=3975, mean_gain=0.0000, r*=-0.0500
2026-04-18 19:14:15,730 [INFO] Deployable-GW [self_consistency] step 5: n=3971, mean_gain=0.0000, r*=-0.0500
2026-04-18 19:14:16,077 [INFO] ===== Stage2 dataset: musique =====
2026-04-18 19:14:16,077 [INFO] per-dataset-optimal：musique → compress_dim=256, margin=0, probe_target=binary, hidden_branch_residual=False
2026-04-18 19:14:55,058 [INFO] musique train 步级标签 stop/continue：stop=76.38% (12220), continue=23.62% (3780)
2026-04-18 19:14:55,059 [INFO] musique dev 步级标签 stop/continue：stop=76.00% (3040), continue=24.00% (960)
2026-04-18 19:14:55,059 [INFO] musique dev 浅层扩展维 std（Delta×5 + cum_ratio + D4×3，StandardScaler 前）: [0.6098 0.5138 4.161  0.     0.     0.0916 0.0668 0.2236 0.492  0.1585
 0.0919]
2026-04-18 19:14:55,114 [INFO] ProbeMLP_v2：hidden_dim=4096, shallow_in=20, compress=256, fuse=128, hidden_residual=False（浅层 StandardScaler，hidden 用 LayerNorm）。
2026-04-18 19:14:55,617 [INFO] Probe epoch 01 | lr=3.00e-05 | train_loss=0.070757 | dev_loss=0.060314
2026-04-18 19:14:56,136 [INFO] Probe epoch 02 | lr=9.75e-05 | train_loss=0.052611 | dev_loss=0.053889
2026-04-18 19:14:56,649 [INFO] Probe epoch 03 | lr=1.65e-04 | train_loss=0.048209 | dev_loss=0.057103
2026-04-18 19:14:57,147 [INFO] Probe epoch 04 | lr=2.32e-04 | train_loss=0.045978 | dev_loss=0.056017
2026-04-18 19:14:57,805 [INFO] Probe epoch 05 | lr=3.00e-04 | train_loss=0.045497 | dev_loss=0.053171
2026-04-18 19:14:58,326 [INFO] Probe epoch 06 | lr=3.00e-04 | train_loss=0.043377 | dev_loss=0.053017
2026-04-18 19:14:58,854 [INFO] Probe epoch 07 | lr=2.99e-04 | train_loss=0.041177 | dev_loss=0.052877
2026-04-18 19:14:59,351 [INFO] Probe epoch 08 | lr=2.98e-04 | train_loss=0.039633 | dev_loss=0.064251
2026-04-18 19:14:59,843 [INFO] Probe epoch 09 | lr=2.96e-04 | train_loss=0.039603 | dev_loss=0.055338
2026-04-18 19:15:00,351 [INFO] Probe epoch 10 | lr=2.94e-04 | train_loss=0.036569 | dev_loss=0.062011
2026-04-18 19:15:00,855 [INFO] Probe epoch 11 | lr=2.91e-04 | train_loss=0.035343 | dev_loss=0.060017
2026-04-18 19:15:01,349 [INFO] Probe epoch 12 | lr=2.88e-04 | train_loss=0.035024 | dev_loss=0.061922
2026-04-18 19:15:01,850 [INFO] Probe epoch 13 | lr=2.85e-04 | train_loss=0.032718 | dev_loss=0.062776
2026-04-18 19:15:02,348 [INFO] Probe epoch 14 | lr=2.81e-04 | train_loss=0.031658 | dev_loss=0.060589
2026-04-18 19:15:02,844 [INFO] Probe epoch 15 | lr=2.76e-04 | train_loss=0.031223 | dev_loss=0.105794
2026-04-18 19:15:03,344 [INFO] Probe epoch 16 | lr=2.71e-04 | train_loss=0.028958 | dev_loss=0.096335
2026-04-18 19:15:03,845 [INFO] Probe epoch 17 | lr=2.66e-04 | train_loss=0.028434 | dev_loss=0.104578
2026-04-18 19:15:04,352 [INFO] Probe epoch 18 | lr=2.61e-04 | train_loss=0.026670 | dev_loss=0.111485
2026-04-18 19:15:04,857 [INFO] Probe epoch 19 | lr=2.55e-04 | train_loss=0.025437 | dev_loss=0.119144
2026-04-18 19:15:04,858 [INFO] Early stop at epoch 19 (best epoch=7)
2026-04-18 19:15:18,775 [INFO] Step 1: n=4000, mean_gain=0.1463, r*=0.4621
2026-04-18 19:15:18,776 [INFO] Step 2: n=4000, mean_gain=0.2959, r*=0.7910
2026-04-18 19:15:18,777 [INFO] Step 3: n=4000, mean_gain=0.0405, r*=0.3686
2026-04-18 19:15:18,777 [INFO] Step 4: n=4000, mean_gain=0.0114, r*=0.0434
2026-04-18 19:15:18,778 [INFO] Step 5: n=4000, mean_gain=-0.0027, r*=-0.0180
2026-04-18 19:15:19,084 [INFO] musique Phase C 阈值：GW_dev_avg_steps=2.965 cap_mult=1.050 chosen_λ=0.1 threshold=0.610 dev_f1=0.4334 dev_steps=2.743
2026-04-18 19:15:19,104 [INFO] Step 1: n=4000, mean_gain=0.1463, r*=0.4621
2026-04-18 19:15:19,104 [INFO] Step 2: n=4000, mean_gain=0.2959, r*=0.7910
2026-04-18 19:15:19,105 [INFO] Step 3: n=4000, mean_gain=0.0405, r*=0.3686
2026-04-18 19:15:19,105 [INFO] Step 4: n=4000, mean_gain=0.0114, r*=0.0434
2026-04-18 19:15:19,106 [INFO] Step 5: n=4000, mean_gain=-0.0027, r*=-0.0180
2026-04-18 19:15:19,117 [INFO] Deployable-GW [self_consistency] step 1: n=4000, mean_gain=1.0000, r*=0.9500
2026-04-18 19:15:19,118 [INFO] Deployable-GW [self_consistency] step 2: n=4000, mean_gain=0.0000, r*=-0.0500
2026-04-18 19:15:19,118 [INFO] Deployable-GW [self_consistency] step 3: n=4000, mean_gain=0.0000, r*=-0.0500
2026-04-18 19:15:19,119 [INFO] Deployable-GW [self_consistency] step 4: n=4000, mean_gain=0.0000, r*=-0.0500
2026-04-18 19:15:19,119 [INFO] Deployable-GW [self_consistency] step 5: n=4000, mean_gain=0.0000, r*=-0.0500
2026-04-18 19:15:19,381 [INFO] ===== Stage2 dataset: 2wiki =====
2026-04-18 19:15:19,381 [INFO] per-dataset-optimal：2wiki → compress_dim=64, margin=0.02, probe_target=binary, hidden_branch_residual=True
2026-04-18 19:15:51,588 [INFO] 2wiki 硬 margin 过滤：train_margin_min_abs=0.0200，丢弃步数=10，保留可训练步数=15990
2026-04-18 19:15:51,588 [INFO] 2wiki train 步级标签 stop/continue：stop=82.62% (13211), continue=17.38% (2779)
2026-04-18 19:15:51,588 [INFO] 2wiki dev 步级标签 stop/continue：stop=81.47% (3259), continue=18.52% (741)
2026-04-18 19:15:51,589 [INFO] 2wiki dev 浅层扩展维 std（Delta×5 + cum_ratio + D4×3，StandardScaler 前）: [0.4624 0.3891 5.1443 0.     0.     0.0783 0.0625 0.2236 0.4768 0.1694
 0.0896]
2026-04-18 19:15:51,637 [INFO] ProbeMLP_v2：hidden_dim=4096, shallow_in=20, compress=64, fuse=128, hidden_residual=True（浅层 StandardScaler，hidden 用 LayerNorm）。
2026-04-18 19:15:52,192 [INFO] Probe epoch 01 | lr=3.00e-05 | train_loss=0.080098 | dev_loss=0.058627
2026-04-18 19:15:52,755 [INFO] Probe epoch 02 | lr=9.75e-05 | train_loss=0.049873 | dev_loss=0.048597
2026-04-18 19:15:53,319 [INFO] Probe epoch 03 | lr=1.65e-04 | train_loss=0.037201 | dev_loss=0.047983
2026-04-18 19:15:53,878 [INFO] Probe epoch 04 | lr=2.32e-04 | train_loss=0.034508 | dev_loss=0.045689
2026-04-18 19:15:54,421 [INFO] Probe epoch 05 | lr=3.00e-04 | train_loss=0.031265 | dev_loss=0.045980
2026-04-18 19:15:54,979 [INFO] Probe epoch 06 | lr=3.00e-04 | train_loss=0.028425 | dev_loss=0.046361
2026-04-18 19:15:55,537 [INFO] Probe epoch 07 | lr=2.99e-04 | train_loss=0.027093 | dev_loss=0.045562
2026-04-18 19:15:56,094 [INFO] Probe epoch 08 | lr=2.98e-04 | train_loss=0.025955 | dev_loss=0.046582
2026-04-18 19:15:56,636 [INFO] Probe epoch 09 | lr=2.96e-04 | train_loss=0.024228 | dev_loss=0.049318
2026-04-18 19:15:57,189 [INFO] Probe epoch 10 | lr=2.94e-04 | train_loss=0.022536 | dev_loss=0.046956
2026-04-18 19:15:57,896 [INFO] Probe epoch 11 | lr=2.91e-04 | train_loss=0.022502 | dev_loss=0.050269
2026-04-18 19:15:58,703 [INFO] Probe epoch 12 | lr=2.88e-04 | train_loss=0.020712 | dev_loss=0.055440
2026-04-18 19:15:59,513 [INFO] Probe epoch 13 | lr=2.85e-04 | train_loss=0.020225 | dev_loss=0.069392
2026-04-18 19:16:00,327 [INFO] Probe epoch 14 | lr=2.81e-04 | train_loss=0.019218 | dev_loss=0.095939
2026-04-18 19:16:01,139 [INFO] Probe epoch 15 | lr=2.76e-04 | train_loss=0.019323 | dev_loss=0.055946
2026-04-18 19:16:02,190 [INFO] Probe epoch 16 | lr=2.71e-04 | train_loss=0.017260 | dev_loss=0.064725
2026-04-18 19:16:03,000 [INFO] Probe epoch 17 | lr=2.66e-04 | train_loss=0.016234 | dev_loss=0.092903
2026-04-18 19:16:03,809 [INFO] Probe epoch 18 | lr=2.61e-04 | train_loss=0.014775 | dev_loss=0.077017
2026-04-18 19:16:04,622 [INFO] Probe epoch 19 | lr=2.55e-04 | train_loss=0.015279 | dev_loss=0.064400
2026-04-18 19:16:04,622 [INFO] Early stop at epoch 19 (best epoch=7)
2026-04-18 19:16:20,341 [INFO] Step 1: n=4000, mean_gain=0.3156, r*=0.8230
2026-04-18 19:16:20,342 [INFO] Step 2: n=4000, mean_gain=0.4302, r*=0.8777
2026-04-18 19:16:20,343 [INFO] Step 3: n=4000, mean_gain=-0.0267, r*=-0.0209
2026-04-18 19:16:20,343 [INFO] Step 4: n=4000, mean_gain=-0.0053, r*=-0.0227
2026-04-18 19:16:20,344 [INFO] Step 5: n=4000, mean_gain=-0.0105, r*=-0.0343
2026-04-18 19:16:20,646 [INFO] 2wiki Phase C 阈值：GW_dev_avg_steps=1.773 cap_mult=1.050 chosen_λ=0.1 threshold=0.670 dev_f1=0.5771 dev_steps=1.832
2026-04-18 19:16:20,688 [INFO] Step 1: n=4000, mean_gain=0.3156, r*=0.8230
2026-04-18 19:16:20,689 [INFO] Step 2: n=4000, mean_gain=0.4302, r*=0.8777
2026-04-18 19:16:20,689 [INFO] Step 3: n=4000, mean_gain=-0.0267, r*=-0.0209
2026-04-18 19:16:20,690 [INFO] Step 4: n=4000, mean_gain=-0.0053, r*=-0.0227
2026-04-18 19:16:20,690 [INFO] Step 5: n=4000, mean_gain=-0.0105, r*=-0.0343
2026-04-18 19:16:20,705 [INFO] Deployable-GW [self_consistency] step 1: n=4000, mean_gain=1.0000, r*=0.9500
2026-04-18 19:16:20,705 [INFO] Deployable-GW [self_consistency] step 2: n=4000, mean_gain=0.0000, r*=-0.0500
2026-04-18 19:16:20,706 [INFO] Deployable-GW [self_consistency] step 3: n=4000, mean_gain=0.0000, r*=-0.0500
2026-04-18 19:16:20,706 [INFO] Deployable-GW [self_consistency] step 4: n=4000, mean_gain=0.0000, r*=-0.0500
2026-04-18 19:16:20,707 [INFO] Deployable-GW [self_consistency] step 5: n=4000, mean_gain=0.0000, r*=-0.0500
2026-04-18 19:16:20,975 [INFO] Stage2 complete. Report: docs/stage2_report_pdopt_best.md
2026-04-18 19:16:20,975 [INFO] hotpotqa | probe_f1=0.6561 | gain_vs_fixed=-0.0214 | oracle_gap=0.1249
2026-04-18 19:16:20,975 [INFO] musique | probe_f1=0.4093 | gain_vs_fixed=+0.0071 | oracle_gap=0.0873
2026-04-18 19:16:20,975 [INFO] 2wiki | probe_f1=0.5767 | gain_vs_fixed=-0.0141 | oracle_gap=0.1187
